user@user10 MINGW64 ~
$ git clone https://github.com/asteee/LAB1.git
Cloning into 'LAB1'...
remote: Counting objects: 3, done.
remote: Total 3 (delta 0), reused 0 (delta 0), pack-reused 0
Unpacking objects: 100% (3/3), done.

user@user10 MINGW64 ~
$ cd D:\1542\techp\lab1
bash: cd: D:1542techplab1: No such file or directory

user@user10 MINGW64 ~
$ cd D:\\1542\\techp\\lab1

user@user10 MINGW64 /d/1542/techp/lab1
$ git clone https://github.com/asteee/LAB1.git
Cloning into 'LAB1'...
remote: Counting objects: 3, done.
remote: Total 3 (delta 0), reused 0 (delta 0), pack-reused 0
Unpacking objects: 100% (3/3), done.

user@user10 MINGW64 /d/1542/techp/lab1
$ git branch branchFIRST
fatal: Not a git repository (or any of the parent directories): .git

user@user10 MINGW64 /d/1542/techp/lab1
$ cd \\LAB1
bash: cd: \LAB1: No such file or directory

user@user10 MINGW64 /d/1542/techp/lab1
$ cd LAB1

user@user10 MINGW64 /d/1542/techp/lab1/LAB1 (master)
$ git branch branchFIRST

user@user10 MINGW64 /d/1542/techp/lab1/LAB1 (master)
$ git checkout
Your branch is up-to-date with 'origin/master'.

user@user10 MINGW64 /d/1542/techp/lab1/LAB1 (master)
$ git checkout branchFIRST
Switched to branch 'branchFIRST'

user@user10 MINGW64 /d/1542/techp/lab1/LAB1 (branchFIRST)
$ git push
fatal: The current branch branchFIRST has no upstream branch.
To push the current branch and set the remote as upstream, use

    git push --set-upstream origin branchFIRST


user@user10 MINGW64 /d/1542/techp/lab1/LAB1 (branchFIRST)
$ git push --set-upstream origin branchFIRST
Username for 'https://github.com':
error: unable to read askpass response from 'C:/Users/user/AppData/Local/Programs/Git/mingw64/libexec/git-core/git-gui--askpass'
Password for 'https://github.com':
remote: Anonymous access to asteee/LAB1.git denied.
fatal: Authentication failed for 'https://github.com/asteee/LAB1.git/'

user@user10 MINGW64 /d/1542/techp/lab1/LAB1 (branchFIRST)
$ git push --set-upstream origin branchFIRST
Username for 'https://github.com': asteee
ast1995
Total 0 (delta 0), reused 0 (delta 0)
To https://github.com/asteee/LAB1.git
 * [new branch]      branchFIRST -> branchFIRST
Branch branchFIRST set up to track remote branch branchFIRST from origin.

user@user10 MINGW64 /d/1542/techp/lab1/LAB1 (branchFIRST)
$ ast1995
bash: ast1995: command not found

user@user10 MINGW64 /d/1542/techp/lab1/LAB1 (branchFIRST)
$ git status
On branch branchFIRST
Your branch is up-to-date with 'origin/branchFIRST'.

nothing to commit, working tree clean

user@user10 MINGW64 /d/1542/techp/lab1/LAB1 (branchFIRST)
$ git status
On branch branchFIRST
Your branch is up-to-date with 'origin/branchFIRST'.

Untracked files:
  (use "git add <file>..." to include in what will be committed)

        main.cpp

nothing added to commit but untracked files present (use "git add" to track)

user@user10 MINGW64 /d/1542/techp/lab1/LAB1 (branchFIRST)
$ git add main.cpp

user@user10 MINGW64 /d/1542/techp/lab1/LAB1 (branchFIRST)
$ git status
On branch branchFIRST
Your branch is up-to-date with 'origin/branchFIRST'.

Changes to be committed:
  (use "git reset HEAD <file>..." to unstage)

        new file:   main.cpp


user@user10 MINGW64 /d/1542/techp/lab1/LAB1 (branchFIRST)
$ git commit -m "cash iterator"

*** Please tell me who you are.

Run

  git config --global user.email "you@example.com"
  git config --global user.name "Your Name"

to set your account's default identity.
Omit --global to set the identity only in this repository.

fatal: unable to auto-detect email address (got 'user@user10.(none)')

user@user10 MINGW64 /d/1542/techp/lab1/LAB1 (branchFIRST)
$ ^C

user@user10 MINGW64 /d/1542/techp/lab1/LAB1 (branchFIRST)
$  git config --global user.email "you@example.com"

user@user10 MINGW64 /d/1542/techp/lab1/LAB1 (branchFIRST)
$  git config --local user.email "aasteee@gmail.com"

user@user10 MINGW64 /d/1542/techp/lab1/LAB1 (branchFIRST)
$  git config --local user.name "asteee"

user@user10 MINGW64 /d/1542/techp/lab1/LAB1 (branchFIRST)
$ git commit -m "cash iterator"
[branchFIRST 5c52e50] cash iterator
 1 file changed, 0 insertions(+), 0 deletions(-)
 create mode 100644 main.cpp

user@user10 MINGW64 /d/1542/techp/lab1/LAB1 (branchFIRST)
$ git push
Username for 'https://github.com': asteee
Counting objects: 3, done.
Delta compression using up to 4 threads.
Compressing objects: 100% (2/2), done.
Writing objects: 100% (3/3), 266 bytes | 266.00 KiB/s, done.
Total 3 (delta 0), reused 0 (delta 0)
To https://github.com/asteee/LAB1.git
   c02db10..5c52e50  branchFIRST -> branchFIRST

user@user10 MINGW64 /d/1542/techp/lab1/LAB1 (branchFIRST)
$ ^C

user@user10 MINGW64 /d/1542/techp/lab1/LAB1 (branchFIRST)
